src/pages/DailyLogPage.tsx(26,1): error TS6133: 'useNavigate' is declared but its value is never read.
src/pages/NeighbourhoodPage.tsx(18,48): error TS6133: 'ClaimListingRequest' is declared but its value is never read.
src/pages/NeighbourhoodPage.tsx(24,10): error TS6133: 'selectedListing' is declared but its value is never read.
src/pages/NeighbourhoodPage.tsx(27,9): error TS6133: 'claimMutation' is declared but its value is never read.
src/pages/NeighbourhoodPage.tsx(30,44): error TS6133: 'refetchListings' is declared but its value is never read.
